Component: ARM Compiler 5.06 update 6 (build 750) Tool: armlink [4d35ed]

==============================================================================

Section Cross References

    startup_lpc17xx.o(RESET) refers to startup_lpc17xx.o(STACK) for __initial_sp
    startup_lpc17xx.o(RESET) refers to startup_lpc17xx.o(.text) for Reset_Handler
    startup_lpc17xx.o(RESET) refers to irq.o(.text) for SysTick_Handler
    startup_lpc17xx.o(RESET) refers to usbdmain.o(.text) for TIMER0_IRQHandler
    startup_lpc17xx.o(RESET) refers to usbhw.o(.text) for USB_IRQHandler
    startup_lpc17xx.o(.text) refers to system_lpc17xx.o(.text) for SystemInit
    startup_lpc17xx.o(.text) refers to entry.o(.ARM.Collect$$$$00000000) for __main
    system_lpc17xx.o(.text) refers to uldiv.o(.text) for __aeabi_uldivmod
    system_lpc17xx.o(.text) refers to system_lpc17xx.o(.data) for SystemCoreClock
    blinky.o(.text) refers to glcd_spi_lpc1700.o(.text) for GLCD_Clear
    blinky.o(.text) refers to kbd.o(.text) for get_button
    blinky.o(.text) refers to led.o(.text) for LED_On
    blinky.o(.text) refers to photo.o(.text) for photogallery
    blinky.o(.text) refers to mazegame.o(.text) for mazeGameInit
    blinky.o(.text) refers to usbdmain.o(.text) for mp3_main
    blinky.o(.text) refers to blinky.o(.data) for select_option
    irq.o(.text) refers to irq.o(.data) for ticks
    glcd_spi_lpc1700.o(.text) refers to glcd_spi_lpc1700.o(.data) for Himax
    glcd_spi_lpc1700.o(.text) refers to glcd_spi_lpc1700.o(.constdata) for Font_6x8_h
    led.o(.text) refers to led.o(.constdata) for led_mask
    photo.o(.text) refers to glcd_spi_lpc1700.o(.text) for GLCD_Clear
    photo.o(.text) refers to kbd.o(.text) for get_button
    photo.o(.text) refers to blinky.o(.text) for delay
    photo.o(.text) refers to penguinone.o(.constdata) for penguinone
    photo.o(.text) refers to penguintwo.o(.constdata) for penguintwo
    photo.o(.text) refers to penguinthree.o(.constdata) for penguinthree
    mazegame.o(.text) refers to glcd_spi_lpc1700.o(.text) for GLCD_SetTextColor
    mazegame.o(.text) refers to kbd.o(.text) for get_button
    mazegame.o(.text) refers to blinky.o(.text) for delay
    mazegame.o(.text) refers to mazegame.o(.data) for player_size
    adcuser.o(.text) refers to usbcore.o(.data) for SetupPacket
    adcuser.o(.text) refers to usbdmain.o(.data) for Mute
    adcuser.o(.text) refers to usbcore.o(.bss) for EP0Buf
    adcuser.o(.text) refers to adcuser.o(.data) for VolCur
    usbcore.o(.text) refers to usbhw.o(.text) for USB_ReadEP
    usbcore.o(.text) refers to usbcore.o(i.USB_ReqGetStatus) for USB_ReqGetStatus
    usbcore.o(.text) refers to usbcore.o(i.USB_ReqSetClrFeature) for USB_ReqSetClrFeature
    usbcore.o(.text) refers to usbcore.o(i.USB_ReqGetDescriptor) for USB_ReqGetDescriptor
    usbcore.o(.text) refers to usbcore.o(i.USB_ReqSetConfiguration) for USB_ReqSetConfiguration
    usbcore.o(.text) refers to usbcore.o(i.USB_ReqSetInterface) for USB_ReqSetInterface
    usbcore.o(.text) refers to adcuser.o(.text) for ADC_IF_GetRequest
    usbcore.o(.text) refers to usbcore.o(.data) for USB_DeviceStatus
    usbcore.o(.text) refers to usbcore.o(.bss) for EP0Buf
    usbdmain.o(.text) refers to kbd.o(.text) for get_button
    usbdmain.o(.text) refers to glcd_spi_lpc1700.o(.text) for GLCD_Init
    usbdmain.o(.text) refers to system_lpc17xx.o(.text) for SystemClockUpdate
    usbdmain.o(.text) refers to usbhw.o(.text) for USB_Init
    usbdmain.o(.text) refers to usbdmain.o(.data) for PotVal
    usbdmain.o(.text) refers to adcuser.o(.data) for VolCur
    usbdmain.o(.text) refers to system_lpc17xx.o(.data) for SystemFrequency
    usbhw.o(.text) refers to usbhw.o(.data) for DDMemMap
    usbhw.o(.text) refers to usbhw.o(.bss) for udca
    usbhw.o(.text) refers to usbhw.o(USB_RAM) for UDCA
    usbhw.o(.text) refers to usbcore.o(.data) for USB_DeviceStatus
    usbhw.o(.text) refers to usbuser.o(.text) for USB_Reset_Event
    usbhw.o(.text) refers to usbhw.o(.constdata) for DDAdr
    usbhw.o(.text) refers to usbuser.o(.constdata) for USB_P_EP
    usbuser.o(.text) refers to usbcore.o(.text) for USB_ResetCore
    usbuser.o(.text) refers to usbhw.o(.text) for USB_DMA_BufAdr
    usbuser.o(.text) refers to usbdmain.o(.data) for DataBuf
    usbuser.o(.constdata) refers to usbcore.o(.text) for USB_EndPoint0
    usbuser.o(.constdata) refers to usbuser.o(.text) for USB_EndPoint3
    entry.o(.ARM.Collect$$$$00000000) refers (Special) to entry10a.o(.ARM.Collect$$$$0000000D) for __rt_final_cpp
    entry.o(.ARM.Collect$$$$00000000) refers (Special) to entry11a.o(.ARM.Collect$$$$0000000F) for __rt_final_exit
    entry.o(.ARM.Collect$$$$00000000) refers (Special) to entry7b.o(.ARM.Collect$$$$00000008) for _main_clock
    entry.o(.ARM.Collect$$$$00000000) refers (Special) to entry8b.o(.ARM.Collect$$$$0000000A) for _main_cpp_init
    entry.o(.ARM.Collect$$$$00000000) refers (Special) to entry9a.o(.ARM.Collect$$$$0000000B) for _main_init
    entry.o(.ARM.Collect$$$$00000000) refers (Special) to entry5.o(.ARM.Collect$$$$00000004) for _main_scatterload
    entry.o(.ARM.Collect$$$$00000000) refers (Special) to entry2.o(.ARM.Collect$$$$00000001) for _main_stk
    uldiv.o(.text) refers to llushr.o(.text) for __aeabi_llsr
    uldiv.o(.text) refers to llshl.o(.text) for __aeabi_llsl
    entry2.o(.ARM.Collect$$$$00000001) refers to entry2.o(.ARM.Collect$$$$00002712) for __lit__00000000
    entry2.o(.ARM.Collect$$$$00002712) refers to startup_lpc17xx.o(STACK) for __initial_sp
    entry2.o(__vectab_stack_and_reset_area) refers to startup_lpc17xx.o(STACK) for __initial_sp
    entry2.o(__vectab_stack_and_reset_area) refers to entry.o(.ARM.Collect$$$$00000000) for __main
    entry5.o(.ARM.Collect$$$$00000004) refers to init.o(.text) for __scatterload
    entry9a.o(.ARM.Collect$$$$0000000B) refers to blinky.o(.text) for main
    entry9b.o(.ARM.Collect$$$$0000000C) refers to blinky.o(.text) for main
    init.o(.text) refers to entry5.o(.ARM.Collect$$$$00000004) for __main_after_scatterload
    usbcore.o(i.USB_ReqGetStatus) refers to usbcore.o(.data) for SetupPacket
    usbcore.o(i.USB_ReqGetStatus) refers to usbcore.o(.bss) for EP0Buf
    usbcore.o(i.USB_ReqSetClrFeature) refers to usbhw.o(.text) for USB_WakeUpCfg
    usbcore.o(i.USB_ReqSetClrFeature) refers to usbcore.o(.data) for SetupPacket
    usbcore.o(i.USB_ReqGetDescriptor) refers to usbcore.o(.data) for SetupPacket
    usbcore.o(i.USB_ReqGetDescriptor) refers to usbdesc.o(.constdata) for USB_DeviceDescriptor
    usbcore.o(i.USB_ReqSetConfiguration) refers to usbhw.o(.text) for USB_DisableEP
    usbcore.o(i.USB_ReqSetConfiguration) refers to usbcore.o(.data) for SetupPacket
    usbcore.o(i.USB_ReqSetConfiguration) refers to usbdesc.o(.constdata) for USB_ConfigDescriptor
    usbcore.o(i.USB_ReqSetInterface) refers to usbhw.o(.text) for USB_ConfigEP
    usbcore.o(i.USB_ReqSetInterface) refers to usbcore.o(.data) for SetupPacket
    usbcore.o(i.USB_ReqSetInterface) refers to usbdesc.o(.constdata) for USB_ConfigDescriptor


==============================================================================

Removing Unused input sections from the image.

    Removing startup_lpc17xx.o(HEAP), (0 bytes).
    Removing system_lpc17xx.o(.rev16_text), (4 bytes).
    Removing system_lpc17xx.o(.revsh_text), (4 bytes).
    Removing core_cm3.o(.emb_text), (32 bytes).
    Removing blinky.o(.rev16_text), (4 bytes).
    Removing blinky.o(.revsh_text), (4 bytes).
    Removing blinky.o(.bss), (20 bytes).
    Removing glcd_spi_lpc1700.o(.rev16_text), (4 bytes).
    Removing glcd_spi_lpc1700.o(.revsh_text), (4 bytes).
    Removing led.o(.rev16_text), (4 bytes).
    Removing led.o(.revsh_text), (4 bytes).
    Removing kbd.o(.rev16_text), (4 bytes).
    Removing kbd.o(.revsh_text), (4 bytes).
    Removing kbd.o(.data), (4 bytes).
    Removing photo.o(.rev16_text), (4 bytes).
    Removing photo.o(.revsh_text), (4 bytes).
    Removing mazegame.o(.rev16_text), (4 bytes).
    Removing mazegame.o(.revsh_text), (4 bytes).
    Removing adcuser.o(.constdata), (6 bytes).
    Removing bg_16bpp_t.o(.constdata), (44230 bytes).
    Removing bg_16bpp_l.o(.data), (886 bytes).
    Removing bg_16bpp_r.o(.constdata), (886 bytes).
    Removing bg_16bpp_b.o(.constdata), (44230 bytes).
    Removing arm_ani_16bpp.o(.constdata), (108000 bytes).

24 unused section(s) (total 198350 bytes) removed from the image.

==============================================================================

Image Symbol Table

    Local Symbols

    Symbol Name                              Value     Ov Type        Size  Object(Section)

    RESET                                    0x00000000   Section      204  startup_lpc17xx.o(RESET)
    ../clib/microlib/division.c              0x00000000   Number         0  uldiv.o ABSOLUTE
    ../clib/microlib/init/entry.s            0x00000000   Number         0  entry10a.o ABSOLUTE
    ../clib/microlib/init/entry.s            0x00000000   Number         0  entry2.o ABSOLUTE
    ../clib/microlib/init/entry.s            0x00000000   Number         0  entry8b.o ABSOLUTE
    ../clib/microlib/init/entry.s            0x00000000   Number         0  entry8a.o ABSOLUTE
    ../clib/microlib/init/entry.s            0x00000000   Number         0  entry7b.o ABSOLUTE
    ../clib/microlib/init/entry.s            0x00000000   Number         0  entry7a.o ABSOLUTE
    ../clib/microlib/init/entry.s            0x00000000   Number         0  entry11a.o ABSOLUTE
    ../clib/microlib/init/entry.s            0x00000000   Number         0  entry10b.o ABSOLUTE
    ../clib/microlib/init/entry.s            0x00000000   Number         0  entry9b.o ABSOLUTE
    ../clib/microlib/init/entry.s            0x00000000   Number         0  entry9a.o ABSOLUTE
    ../clib/microlib/init/entry.s            0x00000000   Number         0  entry.o ABSOLUTE
    ../clib/microlib/init/entry.s            0x00000000   Number         0  entry11b.o ABSOLUTE
    ../clib/microlib/init/entry.s            0x00000000   Number         0  entry5.o ABSOLUTE
    ../clib/microlib/longlong.c              0x00000000   Number         0  llushr.o ABSOLUTE
    ../clib/microlib/longlong.c              0x00000000   Number         0  llshl.o ABSOLUTE
    ..\penguinone.c                          0x00000000   Number         0  penguinone.o ABSOLUTE
    ..\penguinthree.c                        0x00000000   Number         0  penguinthree.o ABSOLUTE
    ..\penguintwo.c                          0x00000000   Number         0  penguintwo.o ABSOLUTE
    ARM_Ani_16bpp.c                          0x00000000   Number         0  arm_ani_16bpp.o ABSOLUTE
    Bg_16bpp_b.c                             0x00000000   Number         0  bg_16bpp_b.o ABSOLUTE
    Bg_16bpp_l.c                             0x00000000   Number         0  bg_16bpp_l.o ABSOLUTE
    Bg_16bpp_r.c                             0x00000000   Number         0  bg_16bpp_r.o ABSOLUTE
    Bg_16bpp_t.c                             0x00000000   Number         0  bg_16bpp_t.o ABSOLUTE
    Blinky.c                                 0x00000000   Number         0  blinky.o ABSOLUTE
    Blinky.c                                 0x00000000   Number         0  blinky.o ABSOLUTE
    GLCD_SPI_LPC1700.c                       0x00000000   Number         0  glcd_spi_lpc1700.o ABSOLUTE
    GLCD_SPI_LPC1700.c                       0x00000000   Number         0  glcd_spi_lpc1700.o ABSOLUTE
    IRQ.c                                    0x00000000   Number         0  irq.o ABSOLUTE
    KBD.c                                    0x00000000   Number         0  kbd.o ABSOLUTE
    KBD.c                                    0x00000000   Number         0  kbd.o ABSOLUTE
    LED.c                                    0x00000000   Number         0  led.o ABSOLUTE
    LED.c                                    0x00000000   Number         0  led.o ABSOLUTE
    adcuser.c                                0x00000000   Number         0  adcuser.o ABSOLUTE
    core_cm3.c                               0x00000000   Number         0  core_cm3.o ABSOLUTE
    core_cm3.c                               0x00000000   Number         0  core_cm3.o ABSOLUTE
    dc.s                                     0x00000000   Number         0  dc.o ABSOLUTE
    handlers.s                               0x00000000   Number         0  handlers.o ABSOLUTE
    init.s                                   0x00000000   Number         0  init.o ABSOLUTE
    mazegame.c                               0x00000000   Number         0  mazegame.o ABSOLUTE
    mazegame.c                               0x00000000   Number         0  mazegame.o ABSOLUTE
    photo.c                                  0x00000000   Number         0  photo.o ABSOLUTE
    photo.c                                  0x00000000   Number         0  photo.o ABSOLUTE
    startup_LPC17xx.s                        0x00000000   Number         0  startup_lpc17xx.o ABSOLUTE
    system_LPC17xx.c                         0x00000000   Number         0  system_lpc17xx.o ABSOLUTE
    system_LPC17xx.c                         0x00000000   Number         0  system_lpc17xx.o ABSOLUTE
    usbcore.c                                0x00000000   Number         0  usbcore.o ABSOLUTE
    usbdesc.c                                0x00000000   Number         0  usbdesc.o ABSOLUTE
    usbdmain.c                               0x00000000   Number         0  usbdmain.o ABSOLUTE
    usbhw.c                                  0x00000000   Number         0  usbhw.o ABSOLUTE
    usbuser.c                                0x00000000   Number         0  usbuser.o ABSOLUTE
    .ARM.Collect$$$$00000000                 0x000000cc   Section        0  entry.o(.ARM.Collect$$$$00000000)
    .ARM.Collect$$$$00000001                 0x000000cc   Section        4  entry2.o(.ARM.Collect$$$$00000001)
    .ARM.Collect$$$$00000004                 0x000000d0   Section        4  entry5.o(.ARM.Collect$$$$00000004)
    .ARM.Collect$$$$00000008                 0x000000d4   Section        0  entry7b.o(.ARM.Collect$$$$00000008)
    .ARM.Collect$$$$0000000A                 0x000000d4   Section        0  entry8b.o(.ARM.Collect$$$$0000000A)
    .ARM.Collect$$$$0000000B                 0x000000d4   Section        8  entry9a.o(.ARM.Collect$$$$0000000B)
    .ARM.Collect$$$$0000000D                 0x000000dc   Section        0  entry10a.o(.ARM.Collect$$$$0000000D)
    .ARM.Collect$$$$0000000F                 0x000000dc   Section        0  entry11a.o(.ARM.Collect$$$$0000000F)
    .ARM.Collect$$$$00002712                 0x000000dc   Section        4  entry2.o(.ARM.Collect$$$$00002712)
    __lit__00000000                          0x000000dc   Data           4  entry2.o(.ARM.Collect$$$$00002712)
    .text                                    0x000000e0   Section       36  startup_lpc17xx.o(.text)
    .text                                    0x00000104   Section        0  irq.o(.text)
    .text                                    0x00000180   Section        0  led.o(.text)
    .text                                    0x0000022c   Section        0  kbd.o(.text)
    .text                                    0x00000288   Section        0  uldiv.o(.text)
    i.__scatterload_copy                     0x000002ea   Section       14  handlers.o(i.__scatterload_copy)
    i.__scatterload_null                     0x000002f8   Section        2  handlers.o(i.__scatterload_null)
    .ARM.__at_0x02FC                         0x000002fc   Section        4  startup_lpc17xx.o(.ARM.__at_0x02FC)
    .text                                    0x00000300   Section        0  system_lpc17xx.o(.text)
    .text                                    0x00000728   Section        0  blinky.o(.text)
    .text                                    0x00000a1c   Section        0  glcd_spi_lpc1700.o(.text)
    delay                                    0x00000a1d   Thumb Code    14  glcd_spi_lpc1700.o(.text)
    spi_tran_man                             0x00000a2b   Thumb Code   124  glcd_spi_lpc1700.o(.text)
    wr_cmd                                   0x00000aa7   Thumb Code    36  glcd_spi_lpc1700.o(.text)
    wr_dat                                   0x00000acb   Thumb Code    36  glcd_spi_lpc1700.o(.text)
    rd_reg                                   0x00000aef   Thumb Code    66  glcd_spi_lpc1700.o(.text)
    rd_id_man                                0x00000b31   Thumb Code   132  glcd_spi_lpc1700.o(.text)
    spi_tran                                 0x00001547   Thumb Code    28  glcd_spi_lpc1700.o(.text)
    wr_dat_start                             0x00001563   Thumb Code    16  glcd_spi_lpc1700.o(.text)
    wr_dat_stop                              0x00001573   Thumb Code     8  glcd_spi_lpc1700.o(.text)
    wr_dat_only                              0x0000157b   Thumb Code    18  glcd_spi_lpc1700.o(.text)
    wr_reg                                   0x0000158d   Thumb Code    20  glcd_spi_lpc1700.o(.text)
    .text                                    0x000015b8   Section        0  photo.o(.text)
    .text                                    0x000016a0   Section        0  mazegame.o(.text)
    .text                                    0x00001d80   Section        0  adcuser.o(.text)
    .text                                    0x00001e68   Section        0  usbcore.o(.text)
    .text                                    0x00002244   Section        0  usbdmain.o(.text)
    .text                                    0x000024f4   Section        0  usbhw.o(.text)
    .text                                    0x00002d7c   Section        0  usbuser.o(.text)
    .text                                    0x00002e5c   Section        0  llshl.o(.text)
    .text                                    0x00002e7a   Section        0  llushr.o(.text)
    .text                                    0x00002e9c   Section       36  init.o(.text)
    i.USB_ReqGetDescriptor                   0x00002ec0   Section        0  usbcore.o(i.USB_ReqGetDescriptor)
    i.USB_ReqGetStatus                       0x00002f78   Section        0  usbcore.o(i.USB_ReqGetStatus)
    i.USB_ReqSetClrFeature                   0x00003038   Section        0  usbcore.o(i.USB_ReqSetClrFeature)
    i.USB_ReqSetConfiguration                0x00003124   Section        0  usbcore.o(i.USB_ReqSetConfiguration)
    i.USB_ReqSetInterface                    0x000032dc   Section        0  usbcore.o(i.USB_ReqSetInterface)
    i.__scatterload_zeroinit                 0x0000340c   Section       14  handlers.o(i.__scatterload_zeroinit)
    .constdata                               0x0000341a   Section     6272  glcd_spi_lpc1700.o(.constdata)
    .constdata                               0x00004c9c   Section       32  led.o(.constdata)
    .constdata                               0x00004cbc   Section      228  usbdesc.o(.constdata)
    .constdata                               0x00004da0   Section       16  usbhw.o(.constdata)
    .constdata                               0x00004db0   Section       64  usbuser.o(.constdata)
    .constdata                               0x00004df0   Section    23700  penguinone.o(.constdata)
    .constdata                               0x0000aa84   Section    27300  penguinthree.o(.constdata)
    .constdata                               0x00011528   Section    24300  penguintwo.o(.constdata)
    .data                                    0x10000000   Section        8  system_lpc17xx.o(.data)
    .data                                    0x10000008   Section        4  blinky.o(.data)
    .data                                    0x1000000c   Section        7  irq.o(.data)
    .data                                    0x10000014   Section        5  glcd_spi_lpc1700.o(.data)
    Color                                    0x10000014   Data           4  glcd_spi_lpc1700.o(.data)
    Himax                                    0x10000018   Data           1  glcd_spi_lpc1700.o(.data)
    .data                                    0x1000001c   Section      120  mazegame.o(.data)
    .data                                    0x10000094   Section        2  adcuser.o(.data)
    .data                                    0x10000098   Section       40  usbcore.o(.data)
    .data                                    0x100000c0   Section       32  usbdmain.o(.data)
    .data                                    0x100000e0   Section        8  usbhw.o(.data)
    .bss                                     0x100000e8   Section       64  usbcore.o(.bss)
    .bss                                     0x10000128   Section      128  usbhw.o(.bss)
    STACK                                    0x100001a8   Section      512  startup_lpc17xx.o(STACK)
    USB_RAM                                  0x100003a8   Section      544  usbhw.o(USB_RAM)

    Global Symbols

    Symbol Name                              Value     Ov Type        Size  Object(Section)

    BuildAttributes$$THM_ISAv4$P$D$K$B$S$PE$A:L22UL41UL21$X:L11$S22US41US21$IEEE1$IW$USESV6$~STKCKD$USESV7$~SHL$OSPACE$EBA8$MICROLIB$REQ8$PRES8$EABIv2 0x00000000   Number         0  anon$$obj.o ABSOLUTE
    __ARM_use_no_argv                        0x00000000   Number         0  blinky.o ABSOLUTE
    __Vectors                                0x00000000   Data           4  startup_lpc17xx.o(RESET)
    __cpp_initialize__aeabi_                  - Undefined Weak Reference
    __cxa_finalize                            - Undefined Weak Reference
    __decompress                              - Undefined Weak Reference
    _clock_init                               - Undefined Weak Reference
    _microlib_exit                            - Undefined Weak Reference
    __main                                   0x000000cd   Thumb Code     0  entry.o(.ARM.Collect$$$$00000000)
    _main_stk                                0x000000cd   Thumb Code     0  entry2.o(.ARM.Collect$$$$00000001)
    _main_scatterload                        0x000000d1   Thumb Code     0  entry5.o(.ARM.Collect$$$$00000004)
    __main_after_scatterload                 0x000000d5   Thumb Code     0  entry5.o(.ARM.Collect$$$$00000004)
    _main_clock                              0x000000d5   Thumb Code     0  entry7b.o(.ARM.Collect$$$$00000008)
    _main_cpp_init                           0x000000d5   Thumb Code     0  entry8b.o(.ARM.Collect$$$$0000000A)
    _main_init                               0x000000d5   Thumb Code     0  entry9a.o(.ARM.Collect$$$$0000000B)
    __rt_final_cpp                           0x000000dd   Thumb Code     0  entry10a.o(.ARM.Collect$$$$0000000D)
    __rt_final_exit                          0x000000dd   Thumb Code     0  entry11a.o(.ARM.Collect$$$$0000000F)
    Reset_Handler                            0x000000e1   Thumb Code     8  startup_lpc17xx.o(.text)
    NMI_Handler                              0x000000e9   Thumb Code     2  startup_lpc17xx.o(.text)
    HardFault_Handler                        0x000000eb   Thumb Code     2  startup_lpc17xx.o(.text)
    MemManage_Handler                        0x000000ed   Thumb Code     2  startup_lpc17xx.o(.text)
    BusFault_Handler                         0x000000ef   Thumb Code     2  startup_lpc17xx.o(.text)
    UsageFault_Handler                       0x000000f1   Thumb Code     2  startup_lpc17xx.o(.text)
    SVC_Handler                              0x000000f3   Thumb Code     2  startup_lpc17xx.o(.text)
    DebugMon_Handler                         0x000000f5   Thumb Code     2  startup_lpc17xx.o(.text)
    PendSV_Handler                           0x000000f7   Thumb Code     2  startup_lpc17xx.o(.text)
    ADC_IRQHandler                           0x000000fb   Thumb Code     0  startup_lpc17xx.o(.text)
    BOD_IRQHandler                           0x000000fb   Thumb Code     0  startup_lpc17xx.o(.text)
    CANActivity_IRQHandler                   0x000000fb   Thumb Code     0  startup_lpc17xx.o(.text)
    CAN_IRQHandler                           0x000000fb   Thumb Code     0  startup_lpc17xx.o(.text)
    DMA_IRQHandler                           0x000000fb   Thumb Code     0  startup_lpc17xx.o(.text)
    EINT0_IRQHandler                         0x000000fb   Thumb Code     0  startup_lpc17xx.o(.text)
    EINT1_IRQHandler                         0x000000fb   Thumb Code     0  startup_lpc17xx.o(.text)
    EINT2_IRQHandler                         0x000000fb   Thumb Code     0  startup_lpc17xx.o(.text)
    EINT3_IRQHandler                         0x000000fb   Thumb Code     0  startup_lpc17xx.o(.text)
    ENET_IRQHandler                          0x000000fb   Thumb Code     0  startup_lpc17xx.o(.text)
    I2C0_IRQHandler                          0x000000fb   Thumb Code     0  startup_lpc17xx.o(.text)
    I2C1_IRQHandler                          0x000000fb   Thumb Code     0  startup_lpc17xx.o(.text)
    I2C2_IRQHandler                          0x000000fb   Thumb Code     0  startup_lpc17xx.o(.text)
    I2S_IRQHandler                           0x000000fb   Thumb Code     0  startup_lpc17xx.o(.text)
    MCPWM_IRQHandler                         0x000000fb   Thumb Code     0  startup_lpc17xx.o(.text)
    PLL0_IRQHandler                          0x000000fb   Thumb Code     0  startup_lpc17xx.o(.text)
    PLL1_IRQHandler                          0x000000fb   Thumb Code     0  startup_lpc17xx.o(.text)
    PWM1_IRQHandler                          0x000000fb   Thumb Code     0  startup_lpc17xx.o(.text)
    QEI_IRQHandler                           0x000000fb   Thumb Code     0  startup_lpc17xx.o(.text)
    RIT_IRQHandler                           0x000000fb   Thumb Code     0  startup_lpc17xx.o(.text)
    RTC_IRQHandler                           0x000000fb   Thumb Code     0  startup_lpc17xx.o(.text)
    SPI_IRQHandler                           0x000000fb   Thumb Code     0  startup_lpc17xx.o(.text)
    SSP0_IRQHandler                          0x000000fb   Thumb Code     0  startup_lpc17xx.o(.text)
    SSP1_IRQHandler                          0x000000fb   Thumb Code     0  startup_lpc17xx.o(.text)
    TIMER1_IRQHandler                        0x000000fb   Thumb Code     0  startup_lpc17xx.o(.text)
    TIMER2_IRQHandler                        0x000000fb   Thumb Code     0  startup_lpc17xx.o(.text)
    TIMER3_IRQHandler                        0x000000fb   Thumb Code     0  startup_lpc17xx.o(.text)
    UART0_IRQHandler                         0x000000fb   Thumb Code     0  startup_lpc17xx.o(.text)
    UART1_IRQHandler                         0x000000fb   Thumb Code     0  startup_lpc17xx.o(.text)
    UART2_IRQHandler                         0x000000fb   Thumb Code     0  startup_lpc17xx.o(.text)
    UART3_IRQHandler                         0x000000fb   Thumb Code     0  startup_lpc17xx.o(.text)
    USBActivity_IRQHandler                   0x000000fb   Thumb Code     0  startup_lpc17xx.o(.text)
    WDT_IRQHandler                           0x000000fb   Thumb Code     0  startup_lpc17xx.o(.text)
    SysTick_Handler                          0x00000105   Thumb Code   108  irq.o(.text)
    LED_Init                                 0x00000181   Thumb Code    40  led.o(.text)
    LED_On                                   0x000001a9   Thumb Code    40  led.o(.text)
    LED_Off                                  0x000001d1   Thumb Code    40  led.o(.text)
    LED_Out                                  0x000001f9   Thumb Code    38  led.o(.text)
    KBD_Init                                 0x0000022d   Thumb Code    42  kbd.o(.text)
    KBD_get                                  0x00000257   Thumb Code    12  kbd.o(.text)
    get_button                               0x00000263   Thumb Code    20  kbd.o(.text)
    __aeabi_uldivmod                         0x00000289   Thumb Code    98  uldiv.o(.text)
    __scatterload_copy                       0x000002eb   Thumb Code    14  handlers.o(i.__scatterload_copy)
    __scatterload_null                       0x000002f9   Thumb Code     2  handlers.o(i.__scatterload_null)
    SystemCoreClockUpdate                    0x00000301   Thumb Code   408  system_lpc17xx.o(.text)
    SystemInit                               0x00000499   Thumb Code   314  system_lpc17xx.o(.text)
    SystemClockUpdate                        0x000005d3   Thumb Code   332  system_lpc17xx.o(.text)
    delay                                    0x00000729   Thumb Code    12  blinky.o(.text)
    main_menu                                0x00000735   Thumb Code   546  blinky.o(.text)
    main                                     0x00000957   Thumb Code    22  blinky.o(.text)
    GLCD_Init                                0x00000bb5   Thumb Code  1506  glcd_spi_lpc1700.o(.text)
    GLCD_SetWindow                           0x00001197   Thumb Code   168  glcd_spi_lpc1700.o(.text)
    GLCD_WindowMax                           0x0000123f   Thumb Code    26  glcd_spi_lpc1700.o(.text)
    GLCD_PutPixel                            0x00001259   Thumb Code   118  glcd_spi_lpc1700.o(.text)
    GLCD_SetTextColor                        0x000012cf   Thumb Code     6  glcd_spi_lpc1700.o(.text)
    GLCD_SetBackColor                        0x000012d5   Thumb Code     6  glcd_spi_lpc1700.o(.text)
    GLCD_Clear                               0x000012db   Thumb Code    42  glcd_spi_lpc1700.o(.text)
    GLCD_DrawChar                            0x00001305   Thumb Code   150  glcd_spi_lpc1700.o(.text)
    GLCD_DisplayChar                         0x0000139b   Thumb Code    84  glcd_spi_lpc1700.o(.text)
    GLCD_DisplayString                       0x000013ef   Thumb Code    40  glcd_spi_lpc1700.o(.text)
    GLCD_ClearLn                             0x00001417   Thumb Code    94  glcd_spi_lpc1700.o(.text)
    GLCD_Bargraph                            0x00001475   Thumb Code    98  glcd_spi_lpc1700.o(.text)
    GLCD_Bitmap                              0x000014d7   Thumb Code    82  glcd_spi_lpc1700.o(.text)
    GLCD_ScrollVertical                      0x00001529   Thumb Code     2  glcd_spi_lpc1700.o(.text)
    GLCD_WrCmd                               0x0000152b   Thumb Code    12  glcd_spi_lpc1700.o(.text)
    GLCD_WrReg                               0x00001537   Thumb Code    16  glcd_spi_lpc1700.o(.text)
    photogallery                             0x000015b9   Thumb Code   214  photo.o(.text)
    drawPlayer                               0x000016a1   Thumb Code   328  mazegame.o(.text)
    setSpawn                                 0x000017e9   Thumb Code    58  mazegame.o(.text)
    drawPlayerPath                           0x00001823   Thumb Code   284  mazegame.o(.text)
    drawMaze                                 0x0000193f   Thumb Code   256  mazegame.o(.text)
    mazeGame                                 0x00001a3f   Thumb Code   266  mazegame.o(.text)
    win                                      0x00001b49   Thumb Code   108  mazegame.o(.text)
    mazeGameInit                             0x00001bb5   Thumb Code   194  mazegame.o(.text)
    ADC_IF_GetRequest                        0x00001d81   Thumb Code   128  adcuser.o(.text)
    ADC_IF_SetRequest                        0x00001e01   Thumb Code    80  adcuser.o(.text)
    ADC_EP_GetRequest                        0x00001e51   Thumb Code     4  adcuser.o(.text)
    ADC_EP_SetRequest                        0x00001e55   Thumb Code     4  adcuser.o(.text)
    USB_ResetCore                            0x00001e69   Thumb Code    34  usbcore.o(.text)
    USB_SetupStage                           0x00001e8b   Thumb Code    12  usbcore.o(.text)
    USB_DataInStage                          0x00001e97   Thumb Code    52  usbcore.o(.text)
    USB_DataOutStage                         0x00001ecb   Thumb Code    34  usbcore.o(.text)
    USB_StatusInStage                        0x00001eed   Thumb Code    14  usbcore.o(.text)
    USB_StatusOutStage                       0x00001efb   Thumb Code    12  usbcore.o(.text)
    USB_EndPoint0                            0x00001f07   Thumb Code   786  usbcore.o(.text)
    get_potval                               0x00002245   Thumb Code    58  usbdmain.o(.text)
    TIMER0_IRQHandler                        0x0000227f   Thumb Code   268  usbdmain.o(.text)
    mp3_main                                 0x0000238b   Thumb Code   246  usbdmain.o(.text)
    EPAdr                                    0x000024f5   Thumb Code    16  usbhw.o(.text)
    WrCmd                                    0x00002505   Thumb Code    30  usbhw.o(.text)
    WrCmdDat                                 0x00002523   Thumb Code    58  usbhw.o(.text)
    WrCmdEP                                  0x0000255d   Thumb Code    78  usbhw.o(.text)
    RdCmdDat                                 0x000025ab   Thumb Code    38  usbhw.o(.text)
    USB_SetAddress                           0x000025d1   Thumb Code    42  usbhw.o(.text)
    USB_Reset                                0x000025fb   Thumb Code   174  usbhw.o(.text)
    USB_Init                                 0x000026a9   Thumb Code   138  usbhw.o(.text)
    USB_Connect                              0x00002733   Thumb Code    28  usbhw.o(.text)
    USB_Suspend                              0x0000274f   Thumb Code     2  usbhw.o(.text)
    USB_Resume                               0x00002751   Thumb Code     2  usbhw.o(.text)
    USB_WakeUp                               0x00002753   Thumb Code    22  usbhw.o(.text)
    USB_WakeUpCfg                            0x00002769   Thumb Code     2  usbhw.o(.text)
    USB_Configure                            0x0000276b   Thumb Code    60  usbhw.o(.text)
    USB_ConfigEP                             0x000027a7   Thumb Code    68  usbhw.o(.text)
    USB_DirCtrlEP                            0x000027eb   Thumb Code     2  usbhw.o(.text)
    USB_EnableEP                             0x000027ed   Thumb Code    26  usbhw.o(.text)
    USB_DisableEP                            0x00002807   Thumb Code    26  usbhw.o(.text)
    USB_ResetEP                              0x00002821   Thumb Code    26  usbhw.o(.text)
    USB_SetStallEP                           0x0000283b   Thumb Code    26  usbhw.o(.text)
    USB_ClrStallEP                           0x00002855   Thumb Code    26  usbhw.o(.text)
    USB_ClearEPBuf                           0x0000286f   Thumb Code    14  usbhw.o(.text)
    USB_ReadEP                               0x0000287d   Thumb Code    98  usbhw.o(.text)
    USB_WriteEP                              0x000028df   Thumb Code   148  usbhw.o(.text)
    USB_DMA_Setup                            0x00002973   Thumb Code   248  usbhw.o(.text)
    USB_DMA_Enable                           0x00002a6b   Thumb Code    22  usbhw.o(.text)
    USB_DMA_Disable                          0x00002a81   Thumb Code    22  usbhw.o(.text)
    USB_DMA_Status                           0x00002a97   Thumb Code    76  usbhw.o(.text)
    USB_DMA_BufAdr                           0x00002ae3   Thumb Code    30  usbhw.o(.text)
    USB_DMA_BufCnt                           0x00002b01   Thumb Code    30  usbhw.o(.text)
    USB_GetFrame                             0x00002b1f   Thumb Code    30  usbhw.o(.text)
    USB_IRQHandler                           0x00002b3d   Thumb Code   576  usbhw.o(.text)
    USB_Reset_Event                          0x00002d7d   Thumb Code     8  usbuser.o(.text)
    USB_SOF_Event                            0x00002d85   Thumb Code     2  usbuser.o(.text)
    USB_EndPoint1                            0x00002d87   Thumb Code     2  usbuser.o(.text)
    USB_EndPoint2                            0x00002d89   Thumb Code     2  usbuser.o(.text)
    USB_EndPoint3                            0x00002d8b   Thumb Code   164  usbuser.o(.text)
    USB_EndPoint4                            0x00002e2f   Thumb Code     2  usbuser.o(.text)
    USB_EndPoint5                            0x00002e31   Thumb Code     2  usbuser.o(.text)
    USB_EndPoint6                            0x00002e33   Thumb Code     2  usbuser.o(.text)
    USB_EndPoint7                            0x00002e35   Thumb Code     2  usbuser.o(.text)
    USB_EndPoint8                            0x00002e37   Thumb Code     2  usbuser.o(.text)
    USB_EndPoint9                            0x00002e39   Thumb Code     2  usbuser.o(.text)
    USB_EndPoint10                           0x00002e3b   Thumb Code     2  usbuser.o(.text)
    USB_EndPoint11                           0x00002e3d   Thumb Code     2  usbuser.o(.text)
    USB_EndPoint12                           0x00002e3f   Thumb Code     2  usbuser.o(.text)
    USB_EndPoint13                           0x00002e41   Thumb Code     2  usbuser.o(.text)
    USB_EndPoint14                           0x00002e43   Thumb Code     2  usbuser.o(.text)
    USB_EndPoint15                           0x00002e45   Thumb Code     2  usbuser.o(.text)
    __aeabi_llsl                             0x00002e5d   Thumb Code    30  llshl.o(.text)
    _ll_shift_l                              0x00002e5d   Thumb Code     0  llshl.o(.text)
    __aeabi_llsr                             0x00002e7b   Thumb Code    32  llushr.o(.text)
    _ll_ushift_r                             0x00002e7b   Thumb Code     0  llushr.o(.text)
    __scatterload                            0x00002e9d   Thumb Code    28  init.o(.text)
    __scatterload_rt2                        0x00002e9d   Thumb Code     0  init.o(.text)
    USB_ReqGetDescriptor                     0x00002ec1   Thumb Code   164  usbcore.o(i.USB_ReqGetDescriptor)
    USB_ReqGetStatus                         0x00002f79   Thumb Code   160  usbcore.o(i.USB_ReqGetStatus)
    USB_ReqSetClrFeature                     0x00003039   Thumb Code   210  usbcore.o(i.USB_ReqSetClrFeature)
    USB_ReqSetConfiguration                  0x00003125   Thumb Code   402  usbcore.o(i.USB_ReqSetConfiguration)
    USB_ReqSetInterface                      0x000032dd   Thumb Code   278  usbcore.o(i.USB_ReqSetInterface)
    __scatterload_zeroinit                   0x0000340d   Thumb Code    14  handlers.o(i.__scatterload_zeroinit)
    Font_6x8_h                               0x0000341a   Data         896  glcd_spi_lpc1700.o(.constdata)
    Font_16x24_h                             0x0000379a   Data        5376  glcd_spi_lpc1700.o(.constdata)
    led_mask                                 0x00004c9c   Data          32  led.o(.constdata)
    USB_DeviceDescriptor                     0x00004cbc   Data          18  usbdesc.o(.constdata)
    USB_ConfigDescriptor                     0x00004cce   Data         110  usbdesc.o(.constdata)
    USB_StringDescriptor                     0x00004d3c   Data         100  usbdesc.o(.constdata)
    DDAdr                                    0x00004da0   Data           8  usbhw.o(.constdata)
    DDSz                                     0x00004da8   Data           8  usbhw.o(.constdata)
    USB_P_EP                                 0x00004db0   Data          64  usbuser.o(.constdata)
    penguinone                               0x00004df0   Data       23700  penguinone.o(.constdata)
    penguinthree                             0x0000aa84   Data       27300  penguinthree.o(.constdata)
    penguintwo                               0x00011528   Data       24300  penguintwo.o(.constdata)
    Region$$Table$$Base                      0x00017414   Number         0  anon$$obj.o(Region$$Table)
    Region$$Table$$Limit                     0x00017434   Number         0  anon$$obj.o(Region$$Table)
    SystemCoreClock                          0x10000000   Data           4  system_lpc17xx.o(.data)
    SystemFrequency                          0x10000004   Data           4  system_lpc17xx.o(.data)
    select_option                            0x10000008   Data           4  blinky.o(.data)
    ticks                                    0x1000000c   Data           4  irq.o(.data)
    ClockLEDOn                               0x10000010   Data           1  irq.o(.data)
    ClockLEDOff                              0x10000011   Data           1  irq.o(.data)
    ClockANI                                 0x10000012   Data           1  irq.o(.data)
    square_size                              0x1000001c   Data           4  mazegame.o(.data)
    player_size                              0x10000020   Data           4  mazegame.o(.data)
    x                                        0x10000024   Data           4  mazegame.o(.data)
    y                                        0x10000028   Data           4  mazegame.o(.data)
    prev_x                                   0x1000002c   Data           4  mazegame.o(.data)
    prev_y                                   0x10000030   Data           4  mazegame.o(.data)
    maze                                     0x10000034   Data          48  mazegame.o(.data)
    correct_route                            0x10000064   Data          48  mazegame.o(.data)
    VolCur                                   0x10000094   Data           2  adcuser.o(.data)
    USB_DeviceStatus                         0x10000098   Data           2  usbcore.o(.data)
    USB_DeviceAddress                        0x1000009a   Data           1  usbcore.o(.data)
    USB_Configuration                        0x1000009b   Data           1  usbcore.o(.data)
    USB_EndPointMask                         0x1000009c   Data           4  usbcore.o(.data)
    USB_EndPointHalt                         0x100000a0   Data           4  usbcore.o(.data)
    USB_EndPointStall                        0x100000a4   Data           4  usbcore.o(.data)
    USB_NumInterfaces                        0x100000a8   Data           1  usbcore.o(.data)
    USB_AltSetting                           0x100000a9   Data           4  usbcore.o(.data)
    EP0Data                                  0x100000b0   Data           8  usbcore.o(.data)
    SetupPacket                              0x100000b8   Data           8  usbcore.o(.data)
    Mute                                     0x100000c0   Data           1  usbdmain.o(.data)
    Volume                                   0x100000c4   Data           4  usbdmain.o(.data)
    InfoBuf                                  0x100000c8   Data           4  usbdmain.o(.data)
    DataBuf                                  0x100000cc   Data           4  usbdmain.o(.data)
    DataOut                                  0x100000d0   Data           2  usbdmain.o(.data)
    DataIn                                   0x100000d2   Data           2  usbdmain.o(.data)
    DataRun                                  0x100000d4   Data           1  usbdmain.o(.data)
    PotVal                                   0x100000d6   Data           2  usbdmain.o(.data)
    VUM                                      0x100000d8   Data           4  usbdmain.o(.data)
    Tick                                     0x100000dc   Data           4  usbdmain.o(.data)
    DDMemMap                                 0x100000e0   Data           8  usbhw.o(.data)
    EP0Buf                                   0x100000e8   Data          64  usbcore.o(.bss)
    udca                                     0x10000128   Data         128  usbhw.o(.bss)
    UDCA                                     0x100003a8   Data         128  usbhw.o(USB_RAM)
    __initial_sp                             0x100003a8   Data           0  startup_lpc17xx.o(STACK)
    DD_NISO_Mem                              0x10000428   Data         256  usbhw.o(USB_RAM)
    DD_ISO_Mem                               0x10000528   Data         160  usbhw.o(USB_RAM)



==============================================================================

Memory Map of the image

  Image Entry point : 0x000000cd

  Load Region LR_IROM1 (Base: 0x00000000, Size: 0x0001751c, Max: 0x00040000, ABSOLUTE)

    Execution Region ER_IROM1 (Exec base: 0x00000000, Load base: 0x00000000, Size: 0x00017434, Max: 0x00040000, ABSOLUTE)

    Exec Addr    Load Addr    Size         Type   Attr      Idx    E Section Name        Object

    0x00000000   0x00000000   0x000000cc   Data   RO            3    RESET               startup_lpc17xx.o
    0x000000cc   0x000000cc   0x00000000   Code   RO          521  * .ARM.Collect$$$$00000000  mc_w.l(entry.o)
    0x000000cc   0x000000cc   0x00000004   Code   RO          526    .ARM.Collect$$$$00000001  mc_w.l(entry2.o)
    0x000000d0   0x000000d0   0x00000004   Code   RO          529    .ARM.Collect$$$$00000004  mc_w.l(entry5.o)
    0x000000d4   0x000000d4   0x00000000   Code   RO          531    .ARM.Collect$$$$00000008  mc_w.l(entry7b.o)
    0x000000d4   0x000000d4   0x00000000   Code   RO          533    .ARM.Collect$$$$0000000A  mc_w.l(entry8b.o)
    0x000000d4   0x000000d4   0x00000008   Code   RO          534    .ARM.Collect$$$$0000000B  mc_w.l(entry9a.o)
    0x000000dc   0x000000dc   0x00000000   Code   RO          536    .ARM.Collect$$$$0000000D  mc_w.l(entry10a.o)
    0x000000dc   0x000000dc   0x00000000   Code   RO          538    .ARM.Collect$$$$0000000F  mc_w.l(entry11a.o)
    0x000000dc   0x000000dc   0x00000004   Code   RO          527    .ARM.Collect$$$$00002712  mc_w.l(entry2.o)
    0x000000e0   0x000000e0   0x00000024   Code   RO            5    .text               startup_lpc17xx.o
    0x00000104   0x00000104   0x0000007c   Code   RO          128    .text               irq.o
    0x00000180   0x00000180   0x000000ac   Code   RO          179    .text               led.o
    0x0000022c   0x0000022c   0x0000005c   Code   RO          202    .text               kbd.o
    0x00000288   0x00000288   0x00000062   Code   RO          524    .text               mc_w.l(uldiv.o)
    0x000002ea   0x000002ea   0x0000000e   Code   RO          548    i.__scatterload_copy  mc_w.l(handlers.o)
    0x000002f8   0x000002f8   0x00000002   Code   RO          549    i.__scatterload_null  mc_w.l(handlers.o)
    0x000002fa   0x000002fa   0x00000002   PAD
    0x000002fc   0x000002fc   0x00000004   Code   RO            4    .ARM.__at_0x02FC    startup_lpc17xx.o
    0x00000300   0x00000300   0x00000428   Code   RO           15    .text               system_lpc17xx.o
    0x00000728   0x00000728   0x000002f4   Code   RO           68    .text               blinky.o
    0x00000a1c   0x00000a1c   0x00000b9c   Code   RO          142    .text               glcd_spi_lpc1700.o
    0x000015b8   0x000015b8   0x000000e8   Code   RO          228    .text               photo.o
    0x000016a0   0x000016a0   0x000006e0   Code   RO          249    .text               mazegame.o
    0x00001d80   0x00001d80   0x000000e8   Code   RO          270    .text               adcuser.o
    0x00001e68   0x00001e68   0x000003dc   Code   RO          309    .text               usbcore.o
    0x00002244   0x00002244   0x000002b0   Code   RO          390    .text               usbdmain.o
    0x000024f4   0x000024f4   0x00000888   Code   RO          419    .text               usbhw.o
    0x00002d7c   0x00002d7c   0x000000e0   Code   RO          443    .text               usbuser.o
    0x00002e5c   0x00002e5c   0x0000001e   Code   RO          540    .text               mc_w.l(llshl.o)
    0x00002e7a   0x00002e7a   0x00000020   Code   RO          542    .text               mc_w.l(llushr.o)
    0x00002e9a   0x00002e9a   0x00000002   PAD
    0x00002e9c   0x00002e9c   0x00000024   Code   RO          544    .text               mc_w.l(init.o)
    0x00002ec0   0x00002ec0   0x000000b8   Code   RO          334    i.USB_ReqGetDescriptor  usbcore.o
    0x00002f78   0x00002f78   0x000000c0   Code   RO          322    i.USB_ReqGetStatus  usbcore.o
    0x00003038   0x00003038   0x000000ec   Code   RO          328    i.USB_ReqSetClrFeature  usbcore.o
    0x00003124   0x00003124   0x000001b8   Code   RO          340    i.USB_ReqSetConfiguration  usbcore.o
    0x000032dc   0x000032dc   0x00000130   Code   RO          346    i.USB_ReqSetInterface  usbcore.o
    0x0000340c   0x0000340c   0x0000000e   Code   RO          550    i.__scatterload_zeroinit  mc_w.l(handlers.o)
    0x0000341a   0x0000341a   0x00001880   Data   RO          143    .constdata          glcd_spi_lpc1700.o
    0x00004c9a   0x00004c9a   0x00000002   PAD
    0x00004c9c   0x00004c9c   0x00000020   Data   RO          180    .constdata          led.o
    0x00004cbc   0x00004cbc   0x000000e4   Data   RO          378    .constdata          usbdesc.o
    0x00004da0   0x00004da0   0x00000010   Data   RO          421    .constdata          usbhw.o
    0x00004db0   0x00004db0   0x00000040   Data   RO          444    .constdata          usbuser.o
    0x00004df0   0x00004df0   0x00005c94   Data   RO          500    .constdata          penguinone.o
    0x0000aa84   0x0000aa84   0x00006aa4   Data   RO          507    .constdata          penguinthree.o
    0x00011528   0x00011528   0x00005eec   Data   RO          514    .constdata          penguintwo.o
    0x00017414   0x00017414   0x00000020   Data   RO          546    Region$$Table       anon$$obj.o


    Execution Region RW_IRAM1 (Exec base: 0x10000000, Load base: 0x00017434, Size: 0x000005c8, Max: 0x00008000, ABSOLUTE)

    Exec Addr    Load Addr    Size         Type   Attr      Idx    E Section Name        Object

    0x10000000   0x00017434   0x00000008   Data   RW           16    .data               system_lpc17xx.o
    0x10000008   0x0001743c   0x00000004   Data   RW           70    .data               blinky.o
    0x1000000c   0x00017440   0x00000007   Data   RW          129    .data               irq.o
    0x10000013   0x00017447   0x00000001   PAD
    0x10000014   0x00017448   0x00000005   Data   RW          144    .data               glcd_spi_lpc1700.o
    0x10000019   0x0001744d   0x00000003   PAD
    0x1000001c   0x00017450   0x00000078   Data   RW          250    .data               mazegame.o
    0x10000094   0x000174c8   0x00000002   Data   RW          272    .data               adcuser.o
    0x10000096   0x000174ca   0x00000002   PAD
    0x10000098   0x000174cc   0x00000028   Data   RW          311    .data               usbcore.o
    0x100000c0   0x000174f4   0x00000020   Data   RW          391    .data               usbdmain.o
    0x100000e0   0x00017514   0x00000008   Data   RW          422    .data               usbhw.o
    0x100000e8        -       0x00000040   Zero   RW          310    .bss                usbcore.o
    0x10000128        -       0x00000080   Zero   RW          420    .bss                usbhw.o
    0x100001a8        -       0x00000200   Zero   RW            1    STACK               startup_lpc17xx.o
    0x100003a8        -       0x00000220   Zero   RW          423    USB_RAM             usbhw.o


==============================================================================

Image component sizes


      Code (inc. data)   RO Data    RW Data    ZI Data      Debug   Object Name

       232         16          0          2          0       6048   adcuser.o
       756        176          0          4          0       2045   blinky.o
      2972         52       6272          5          0       9384   glcd_spi_lpc1700.o
       124         16          0          7          0        726   irq.o
        92         18          0          0          0        746   kbd.o
       172         14         32          0          0       1397   led.o
      1760        306          0        120          0       3563   mazegame.o
         0          0      23700          0          0        353   penguinone.o
         0          0      27300          0          0        363   penguinthree.o
         0          0      24300          0          0        353   penguintwo.o
       232         18          0          0          0        647   photo.o
        40         12        204          0        512        944   startup_lpc17xx.o
      1064         42          0          8          0       5743   system_lpc17xx.o
      2344        206          0         40         64       9267   usbcore.o
         0          0        228          0          0        617   usbdesc.o
       688        116          0         32          0      22493   usbdmain.o
      2184        140         16          8        672      13371   usbhw.o
       224         22         64          0          0       3211   usbuser.o

    ----------------------------------------------------------------------
     12884       1154      82150        232       1248      81271   Object Totals
         0          0         32          0          0          0   (incl. Generated)
         0          0          2          6          0          0   (incl. Padding)

    ----------------------------------------------------------------------

      Code (inc. data)   RO Data    RW Data    ZI Data      Debug   Library Member Name

         0          0          0          0          0          0   entry.o
         0          0          0          0          0          0   entry10a.o
         0          0          0          0          0          0   entry11a.o
         8          4          0          0          0          0   entry2.o
         4          0          0          0          0          0   entry5.o
         0          0          0          0          0          0   entry7b.o
         0          0          0          0          0          0   entry8b.o
         8          4          0          0          0          0   entry9a.o
        30          0          0          0          0          0   handlers.o
        36          8          0          0          0         68   init.o
        30          0          0          0          0         68   llshl.o
        32          0          0          0          0         68   llushr.o
        98          0          0          0          0         92   uldiv.o

    ----------------------------------------------------------------------
       250         16          0          0          0        296   Library Totals
         4          0          0          0          0          0   (incl. Padding)

    ----------------------------------------------------------------------

      Code (inc. data)   RO Data    RW Data    ZI Data      Debug   Library Name

       246         16          0          0          0        296   mc_w.l

    ----------------------------------------------------------------------
       250         16          0          0          0        296   Library Totals

    ----------------------------------------------------------------------

==============================================================================


      Code (inc. data)   RO Data    RW Data    ZI Data      Debug   

     13134       1170      82150        232       1248      80107   Grand Totals
     13134       1170      82150        232       1248      80107   ELF Image Totals
     13134       1170      82150        232          0          0   ROM Totals

==============================================================================

    Total RO  Size (Code + RO Data)                95284 (  93.05kB)
    Total RW  Size (RW Data + ZI Data)              1480 (   1.45kB)
    Total ROM Size (Code + RO Data + RW Data)      95516 (  93.28kB)

==============================================================================

